\documentclass[a4paper]{article} 
\usepackage{float}
\usepackage{grffile}
\usepackage{graphicx}
\usepackage{amssymb}
\usepackage{fontspec}
\usepackage{fancyhdr}
\usepackage{multicol}
\usepackage{calc}
\usepackage{lettrine}
\usepackage{alphalph}
\usepackage[left=2cm,right=2cm,top=1.99cm,bottom=1.99cm,includeheadfoot]{geometry}
\usepackage{changepage}
\usepackage{needspace}
\usepackage{bidi} 

\parindent=0pt
\parskip=\medskipamount
\begin{document}
\pagestyle{plain}
\sloppy
\setlength{\parfillskip}{0pt plus 1fil}
\font\letHeaddicBody="Times New Roman/GR" at 12pt
\font\letterletHeaddicBody="Gautami/GR/B" at 24pt
\font\letDatadicBody="Times New Roman/GR" at 12pt
\font\entryletDatadicBody="Times New Roman/GR" at 10pt
\font\pictureRightentryletDatadicBody="Times New Roman/GR" at 10pt
\font\picturepictureRightentryletDatadicBody="Times New Roman/GR" at 10pt
\font\pictureCaptionpictureRightentryletDatadicBody="Times New Roman/GR" at 10pt
\font\CmPicturepublishStemPileThumbnailPubpictureCaptionpictureRightentryletDatadicBody="Times New Roman/GR" at 10pt
\font\pictureLabelenpictureCaptionpictureRightentryletDatadicBody="Times New Roman/GR" at 10pt
\font\spanenpictureLabelenpictureCaptionpictureRightentryletDatadicBody="Times New Roman/GR" at 10pt
\font\headwordggoTeluxINentryletDatadicBody="Gautami/GR" at 10pt
\font\pronunciationsentryletDatadicBody="Times New Roman/GR" at 10pt
\font\pronunciationggofonipaxemicpronunciationsentryletDatadicBody="Tahoma/GR" at 10pt
\font\spanggofonipaxemicpronunciationggofonipaxemicpronunciationsentryletDatadicBody="Tahoma/GR" at 10pt
\font\sensesentryletDatadicBody="Times New Roman/GR" at 10pt
\font\sensesensesentryletDatadicBody="Times New Roman/GR" at 10pt
\font\grammaticalinfosensesensesentryletDatadicBody="Times New Roman/GR" at 10pt
\font\partofspeechengrammaticalinfosensesensesentryletDatadicBody="Times New Roman/GR" at 10pt
\font\spanenpartofspeechengrammaticalinfosensesensesentryletDatadicBody="Times New Roman/GR" at 10pt
\font\xsensenumbersensesentryletDatadicBody="Times New Roman/GR" at 10pt
\font\definitionensensesensesentryletDatadicBody="Times New Roman/GR" at 10pt
\font\spanendefinitionensensesensesentryletDatadicBody="Times New Roman/GR" at 10pt
\font\LexSensepublishStemGlossPubensensesensesentryletDatadicBody="Times New Roman/GR" at 10pt
\font\spanenLexSensepublishStemGlossPubensensesensesentryletDatadicBody="Times New Roman/GR" at 10pt
\font\examplessensesensesentryletDatadicBody="Times New Roman/GR" at 10pt
\font\exampleggoTeluxINexamplessensesensesentryletDatadicBody="Gautami/GR" at 10pt
\font\spanggoTeluxINexampleggoTeluxINexamplessensesensesentryletDatadicBody="Gautami/GR" at 10pt
\font\translationsexamplessensesensesentryletDatadicBody="Times New Roman/GR" at 10pt
\font\translationentranslationsexamplessensesensesentryletDatadicBody="Times New Roman/GR" at 10pt
\font\xitementranslationentranslationsexamplessensesensesentryletDatadicBody="Times New Roman/GR" at 10pt
\font\spanenxitementranslationentranslationsexamplessensesensesentryletDatadicBody="Times New Roman/GR" at 10pt
\font\xitemtetranslationentranslationsexamplessensesensesentryletDatadicBody="Gautami/GR" at 10pt
\font\spantexitemtetranslationentranslationsexamplessensesensesentryletDatadicBody="Gautami/GR" at 10pt

\mbox{} 
\newpage 
\newpage 
\setcounter{page}{1} 
\pagenumbering{arabic} 
\pagestyle{fancy} 
\begin{center}

 \setlength{\parskip}{18pt plus 1pt minus 2pt}{\topskip 18pt{\letterletHeaddicBody{అ}}}\end{center}

\hangindent= 36pt
\hangafter=1

\begin{center}
\includegraphics[angle=0,width=150mm,height=175mm]{c.jpg} 
\end{center}


\spanenpictureLabelenpictureCaptionpictureRightentryletDatadicBody{rice with tumeric}

\headwordggoTeluxINentryletDatadicBody{అక్సెదంగ్}\spanggofonipaxemicpronunciationggofonipaxemicpronunciationsentryletDatadicBody{aksedaṅg}\spanenpartofspeechengrammaticalinfosensesensesentryletDatadicBody{n}\xsensenumbersensesentryletDatadicBody{1}\spanendefinitionensensesensesentryletDatadicBody{rice with vermilion}\spanenLexSensepublishStemGlossPubensensesensesentryletDatadicBody{rice with vermilion}\xsensenumbersensesentryletDatadicBody{2}\spanendefinitionensensesensesentryletDatadicBody{rice mixed with vermilion thrown at a wedding, or on cattle (e.g. during \textsc{\char13}laxmi pooja\textsc{\char13}) in order to bless.}\spanenLexSensepublishStemGlossPubensensesensesentryletDatadicBody{rice with turmeric used to bless}\spanggoTeluxINexampleggoTeluxINexamplessensesensesentryletDatadicBody{గొవుర్ దన్ గోటమ్నె నొవ్రి నొవ్రనగ సమ్దిర్ అక్సెదాంగ్ వాటంతెర్.}\spanenxitementranslationentranslationsexamplessensesensesentryletDatadicBody{At the wedding place, everyone throws rice on the bride andgroom.}\spantexitemtetranslationentranslationsexamplessensesensesentryletDatadicBody{\#పెండ్లి పందిరిలో పడుసు, వరులకు పసుపు బియ్యం వేస్తారు.}

\end{document}
