\documentclass[a4paper]{article} 
\usepackage{float}
\usepackage{grffile}
\usepackage{graphicx}
\usepackage{amssymb}
\usepackage{fontspec}
\usepackage{fancyhdr}
\usepackage{multicol}
\usepackage{calc}
\usepackage{lettrine}
\usepackage{alphalph}
\usepackage[left=2cm,right=2cm,top=1.99cm,bottom=1.99cm,includeheadfoot]{geometry}
\usepackage{changepage}
\usepackage{needspace}
\usepackage{multicol}
\usepackage{setspace}

\parindent=0pt
\parskip=\medskipamount
\begin{document}
\pagestyle{plain}
\sloppy
\setlength{\parfillskip}{0pt plus 1fil}
\font\diven="Times New Roman/GR" at 12pt
\font\spanen="Times New Roman/GR" at 10pt
\font\divtpi="Times New Roman/GR" at 12pt
\font\spantpi="Times New Roman/GR" at 10pt
\font\divbzh="Charis SIL/GR" at 12pt
\font\spanbzh="Charis SIL/GR" at 10pt
\font\divbzhfonipa="Charis SIL/GR" at 12pt
\font\spanbzhfonipa="Charis SIL/GR" at 10pt
\font\spanfr="Times New Roman/GR" at 10pt
\font\spanes="Times New Roman/GR" at 10pt
\font\letHead="Times New Roman/GR" at 12pt
\font\letterletHead="Times New Roman/GR/B" at 10pt
\font\letData="Times New Roman/GR" at 12pt
\font\entryletData="Times New Roman/GR" at 10pt
\font\mainheadwordentryletData="Times New Roman/GR" at 10pt
\font\spanbzhmainheadwordentryletData="Charis SIL/GR" at 10pt
\font\sensesentryletData="Times New Roman/GR" at 10pt
\font\sensecontentsensesentryletData="Times New Roman/GR" at 10pt
\font\sensesensecontentsensesentryletData="Times New Roman/GR" at 10pt
\font\morphosyntaxanalysissensesensecontentsensesentryletData="Times New Roman/GR" at 10pt
\font\partofspeechmorphosyntaxanalysissensesensecontentsensesentryletData="Times New Roman/GR" at 10pt
\font\spanenpartofspeechmorphosyntaxanalysissensesensecontentsensesentryletData="Times New Roman/GR" at 10pt
\font\slotsmorphosyntaxanalysissensesensecontentsensesentryletData="Times New Roman/GR" at 10pt
\font\slotslotsmorphosyntaxanalysissensesensecontentsensesentryletData="Times New Roman/GR" at 10pt
\font\nameslotslotsmorphosyntaxanalysissensesensecontentsensesentryletData="Times New Roman/GR" at 10pt
\font\spanennameslotslotsmorphosyntaxanalysissensesensecontentsensesentryletData="Times New Roman/GR" at 10pt
\font\definitionorglosssensesensecontentsensesentryletData="Times New Roman/GR" at 10pt
\font\spanendefinitionorglosssensesensecontentsensesentryletData="Times New Roman/GR" at 10pt
\font\pronunciationsentryletData="Times New Roman/GR" at 10pt
\font\pronunciationpronunciationsentryletData="Times New Roman/GR" at 10pt
\font\formpronunciationpronunciationsentryletData="Times New Roman/GR" at 10pt
\font\spanbzhfonipaformpronunciationpronunciationsentryletData="Charis SIL/GR" at 10pt
\font\examplessensesensecontentsensesentryletData="Times New Roman/GR" at 10pt
\font\exampleexamplessensesensecontentsensesentryletData="Times New Roman/GR" at 10pt
\font\exampleexampleexamplessensesensecontentsensesentryletData="Times New Roman/GR" at 10pt
\font\spanbzhexampleexampleexamplessensesensecontentsensesentryletData="Charis SIL/GR" at 10pt
\font\translationsexampleexamplessensesensecontentsensesentryletData="Times New Roman/GR" at 10pt
\font\translationtranslationsexampleexamplessensesensecontentsensesentryletData="Times New Roman/GR" at 10pt
\font\translationtranslationtranslationsexampleexamplessensesensecontentsensesentryletData="Times New Roman/GR" at 10pt
\font\spanentranslationtranslationtranslationsexampleexamplessensesensecontentsensesentryletData="Times New Roman/GR" at 10pt
\font\semanticdomainssensesensecontentsensesentryletData="Times New Roman/GR" at 10pt
\font\semanticdomainsemanticdomainssensesensecontentsensesentryletData="Times New Roman/GR" at 10pt
\font\abbreviationsemanticdomainsemanticdomainssensesensecontentsensesentryletData="Times New Roman/GR" at 10pt
\font\spanenabbreviationsemanticdomainsemanticdomainssensesensecontentsensesentryletData="Times New Roman/GR" at 10pt
\font\namesemanticdomainsemanticdomainssensesensecontentsensesentryletData="Times New Roman/GR" at 10pt
\font\spanennamesemanticdomainsemanticdomainssensesensecontentsensesentryletData="Times New Roman/GR" at 10pt
\font\picturesentryletData="Times New Roman/GR" at 10pt
\font\picturepicturesentryletData="Times New Roman/GR" at 10pt
\font\thumbnailpicturepicturesentryletData="Times New Roman/GR" at 10pt
\font\sensenumberpicturepicturesentryletData="Times New Roman/GR" at 10pt
\font\spanensensenumberpicturepicturesentryletData="Times New Roman/GR" at 10pt
\font\captionpicturepicturesentryletData="Times New Roman/GR" at 10pt
\font\captioncaptionpicturepicturesentryletData="Times New Roman/GR" at 10pt
\font\spanencaptioncaptionpicturepicturesentryletData="Times New Roman/GR" at 10pt

\mbox{} 
\newpage 
\newpage 
\setcounter{page}{1} 
\pagenumbering{arabic} 
\pagestyle{fancy} 
\begin{spacing}{0.5}\begin{center}
\letterletHead{W w}\end{center}\end{spacing}
\begin{spacing}{0.5}
\hangindent= 45pt
\hangafter=1
\spanbzhmainheadwordentryletData{=W=}\markboth{ \spanbzhmainheadwordentryletData =W=}{ \spanbzhmainheadwordentryletData =W=}\spanenpartofspeechmorphosyntaxanalysissensesensecontentsensesentryletData{v}\spanennameslotslotsmorphosyntaxanalysissensesensecontentsensesentryletData{Person}\spanendefinitionorglosssensesensecontentsensesentryletData{Second person; labialisation of the initial consonant of Class 3 verbs beginning with gg, and Class 1 verbs beginning with k or g. Also of the Potential mode prefix for Class 2 verbs.}\end{spacing}
\begin{spacing}{0.5}
\hangindent= 45pt
\hangafter=1
\spanbzhmainheadwordentryletData{waain}\markboth{ \spanbzhmainheadwordentryletData waain}{ \spanbzhmainheadwordentryletData waain}\spanbzhfonipaformpronunciationpronunciationsentryletData{ˈwaː.in}\spanenpartofspeechmorphosyntaxanalysissensesensecontentsensesentryletData{V1}\spanendefinitionorglosssensesensecontentsensesentryletData{to struggle, try hard, to struggle to climb out of something, as a hole.}\spanbzhexampleexampleexamplessensesensecontentsensesentryletData{Waain bë maḳ noh tena.}\spanentranslationtranslationtranslationsexampleexamplessensesensecontentsensesentryletData{He tried hard looking for a way to get out.}\spanbzhexampleexampleexamplessensesensecontentsensesentryletData{Luḳ waaḳ lom waain rot rëḳ ma menedo loḳ.}\spanentranslationtranslationtranslationsexampleexamplessensesensecontentsensesentryletData{He fell into the cave and he struggled hard to get out but he couldn\textsc{\char13}t and he had to remain there.}\spanenabbreviationsemanticdomainsemanticdomainssensesensecontentsensesentryletData{4.8.1}\spanennamesemanticdomainsemanticdomainssensesensecontentsensesentryletData{Hostility}\spanenabbreviationsemanticdomainsemanticdomainssensesensecontentsensesentryletData{4.8.1.1}\spanennamesemanticdomainsemanticdomainssensesensecontentsensesentryletData{Oppose}\end{spacing}
\begin{spacing}{0.5}
\hangindent= 45pt
\hangafter=1
\spanbzhmainheadwordentryletData{waaḳ}\markboth{ \spanbzhmainheadwordentryletData waaḳ}{ \spanbzhmainheadwordentryletData waaḳ}\spanbzhfonipaformpronunciationpronunciationsentryletData{waːq}\spanenpartofspeechmorphosyntaxanalysissensesensecontentsensesentryletData{n}\spanendefinitionorglosssensesensecontentsensesentryletData{cave, hole-a natural formation.}\spanbzhexampleexampleexamplessensesensecontentsensesentryletData{Waaḳ böpata ti neggëp vosnë.}\spanentranslationtranslationtranslationsexampleexamplessensesensecontentsensesentryletData{There\textsc{\char13}s a huge cave in the bush.}\spanbzhexampleexampleexamplessensesensecontentsensesentryletData{Ya deggevek waaḳ.}\spanentranslationtranslationtranslationsexampleexamplessensesensecontentsensesentryletData{They went into the cave.}\spanenabbreviationsemanticdomainsemanticdomainssensesensecontentsensesentryletData{1.2.1.5}\spanennamesemanticdomainsemanticdomainssensesensecontentsensesentryletData{Underground}\spanensensenumberpicturepicturesentryletData{1}\spanencaptioncaptionpicturepicturesentryletData{waaḳ}
\end{spacing}\begin{spacing}{0.5}
\hangindent= 45pt
\hangafter=1
\spanbzhmainheadwordentryletData{wöhbuum}
\hangindent= 45pt
\hangafter=1\markboth{ \spanbzhmainheadwordentryletData wöhbuum}{ \spanbzhmainheadwordentryletData wöhbuum}\spanbzhfonipaformpronunciationpronunciationsentryletData{wɔʁ.ᵐbuːm}\spanenpartofspeechmorphosyntaxanalysissensesensecontentsensesentryletData{n}\spanendefinitionorglosssensesensecontentsensesentryletData{large variety of eel.}\spanbzhexampleexampleexamplessensesensecontentsensesentryletData{Ham besi wöhbuum duḳ jeyoġ.}\spanentranslationtranslationtranslationsexampleexamplessensesensecontentsensesentryletData{Cook the eel by wrapping it in }\spanentranslationtranslationtranslationsexampleexamplessensesensecontentsensesentryletData{jeyoġ}\spanentranslationtranslationtranslationsexampleexamplessensesensecontentsensesentryletData{ (bark and roasting it).}\spanenabbreviationsemanticdomainsemanticdomainssensesensecontentsensesentryletData{1.6.1.5}\spanennamesemanticdomainsemanticdomainssensesensecontentsensesentryletData{Fish}\end{spacing}
\begin{spacing}{0.5}
\hangindent= 45pt
\hangafter=1
\spanbzhmainheadwordentryletData{wöp-o}\markboth{ \spanbzhmainheadwordentryletData wöp-o}{ \spanbzhmainheadwordentryletData wöp-o}\spanbzhfonipaformpronunciationpronunciationsentryletData{ˈwɔp.o}\spanenpartofspeechmorphosyntaxanalysissensesensecontentsensesentryletData{Interj}\spanendefinitionorglosssensesensecontentsensesentryletData{alas, exclamation of concern, anxiety, or pity.}\spanbzhexampleexampleexamplessensesensecontentsensesentryletData{Wöp-o! Sa kwaġ virek in vasöl.}\spanentranslationtranslationtranslationsexampleexamplessensesensecontentsensesentryletData{Oh dear! I have forgotten the bow.}\spanbzhexampleexampleexamplessensesensecontentsensesentryletData{Sa in-a! Wöp-o, sëḳ na menoh tena in dekepa aggata.}\spanentranslationtranslationtranslationsexampleexamplessensesensecontentsensesentryletData{What will I do! Oh dear, where will I go, they have blocked off the road.}\end{spacing}

\end{document}
