\documentclass[a4paper]{article} 
\usepackage{float}
\usepackage{grffile}
\usepackage{graphicx}
\usepackage{amssymb}
\usepackage{fontspec}
\usepackage{fancyhdr}
\usepackage{multicol}
\usepackage{calc}
\usepackage{lettrine}
\usepackage{alphalph}
\usepackage[left=2cm,right=2cm,top=1.99cm,bottom=1.99cm,includeheadfoot]{geometry}
\usepackage{changepage}
\usepackage{needspace}
\usepackage{multicol}
\usepackage{bidi} 

\parindent=0pt
\parskip=\medskipamount
\begin{document}
\pagestyle{plain}
\sloppy
\setlength{\parfillskip}{0pt plus 1fil}
\font\letHeaddicBody="Times New Roman/GR" at 12pt
\font\letterletHeaddicBody="Times New Roman/GR/B" at 24pt
\font\letDatadicBody="Times New Roman/GR" at 12pt
\font\entryletDatadicBody="Times New Roman/GR":color=000000 at 11pt
\font\pictureRightentryletDatadicBody="Times New Roman/GR":color=000000 at 11pt
\font\picturepictureRightentryletDatadicBody="Times New Roman/GR":color=000000 at 11pt
\font\pictureCaptionpictureRightentryletDatadicBody="Times New Roman/GR":color=000000 at 11pt
\font\CmPicturepublishStemCaptionSenseNumberpictureCaptionpictureRightentryletDatadicBody="Times New Roman/GR":color=000000 at 11pt
\font\CmPicturepublishStemCaptionCaptionPubptpictureCaptionpictureRightentryletDatadicBody="Times New Roman/GR":color=000000 at 11pt
\font\headwordsehentryletDatadicBody="Times New Roman/GR/B":color=0000FF at 10pt
\font\sensesentryletDatadicBody="Times New Roman/GR":color=000000 at 11pt
\font\sensesensesentryletDatadicBody="Times New Roman/GR":color=000000 at 11pt
\font\grammaticalinfosensesensesentryletDatadicBody="Times New Roman/GR":color=000000 at 11pt
\font\partofspeechptgrammaticalinfosensesensesentryletDatadicBody="Times New Roman/GR":color=000000 at 11pt
\font\definitionLcptsensesensesentryletDatadicBody="Times New Roman/GR":color=000000 at 11pt
\font\xitemptdefinitionLcptsensesensesentryletDatadicBody="Times New Roman/GR":color=000000 at 11pt
\font\xlanguagetagenxitemptdefinitionLcptsensesensesentryletDatadicBody="Times New Roman/GR":color=2F60FF at 8pt
\font\xitemendefinitionLcptsensesensesentryletDatadicBody="Times New Roman/GR":color=000000 at 11pt
\font\xlanguagetagenxitemendefinitionLcptsensesensesentryletDatadicBody="Times New Roman/GR":color=2F60FF at 8pt

\mbox{} 
\newpage 
\newpage 
\setcounter{page}{1} 
\pagenumbering{arabic} 
\pagestyle{fancy} 
\begin{center}
\topskip 18pt{
 \setlength{\parskip}{18pt plus 1pt minus 2pt}{\letterletHeaddicBody{C c}}}\end{center}
\setlength{\columnsep}{0.5em} 
\setlength\columnseprule{0.4pt} 
\begin{multicols}{2}{\raggedright} 
\hangindent= 36pt
\hangafter=1\begin{center}

\begin{center}
\includegraphics[angle=0,width=17mm,height=22mm]{1.jpg} 
\end{center}


\CmPicturepublishStemCaptionSenseNumberpictureCaptionpictureRightentryletDatadicBody{1}\CmPicturepublishStemCaptionCaptionPubptpictureCaptionpictureRightentryletDatadicBody{cadu}\end{center}

\headwordsehentryletDatadicBody{cadu}\headwordsehentryletDatadicBody{ }\partofspeechptgrammaticalinfosensesensesentryletDatadicBody{N}\xlanguagetagenxitemptdefinitionLcptsensesensesentryletDatadicBody{Por }\xitemptdefinitionLcptsensesensesentryletDatadicBody{pulga}\xlanguagetagenxitemendefinitionLcptsensesensesentryletDatadicBody{Eng }\xitemendefinitionLcptsensesensesentryletDatadicBody{flea}

\hangindent= 36pt
\hangafter=1
\headwordsehentryletDatadicBody{caka}\headwordsehentryletDatadicBody{ }\partofspeechptgrammaticalinfosensesensesentryletDatadicBody{N}\xlanguagetagenxitemptdefinitionLcptsensesensesentryletDatadicBody{Por }\xitemptdefinitionLcptsensesensesentryletDatadicBody{ano}\xlanguagetagenxitemendefinitionLcptsensesensesentryletDatadicBody{Eng }\xitemendefinitionLcptsensesensesentryletDatadicBody{year}

\hangindent= 36pt
\hangafter=1
\headwordsehentryletDatadicBody{cunguza}\headwordsehentryletDatadicBody{ }\partofspeechptgrammaticalinfosensesensesentryletDatadicBody{V}\xlanguagetagenxitemptdefinitionLcptsensesensesentryletDatadicBody{Por }\xitemptdefinitionLcptsensesensesentryletDatadicBody{casar}\xlanguagetagenxitemendefinitionLcptsensesensesentryletDatadicBody{Eng }\xitemendefinitionLcptsensesensesentryletDatadicBody{marry}

\hangindent= 36pt
\hangafter=1
\headwordsehentryletDatadicBody{cunguzwa}\headwordsehentryletDatadicBody{ }\partofspeechptgrammaticalinfosensesensesentryletDatadicBody{V}\xlanguagetagenxitemptdefinitionLcptsensesensesentryletDatadicBody{Por }\xitemptdefinitionLcptsensesensesentryletDatadicBody{ser casado}\xlanguagetagenxitemendefinitionLcptsensesensesentryletDatadicBody{Eng }\xitemendefinitionLcptsensesensesentryletDatadicBody{be married}
 \end{multicols}
\end{document}
