\documentclass[c5paper,twoside]{article} 
\usepackage{float}
\usepackage{grffile}
\usepackage{graphicx}
\usepackage{amssymb}
\usepackage{fontspec}
\usepackage{fancyhdr}
\usepackage{multicol}
\usepackage{calc}
\usepackage{lettrine}
\usepackage{alphalph}
\usepackage[left=2cm,right=2cm,top=1.99cm,bottom=1.99cm,includeheadfoot]{geometry}
\usepackage{changepage}
\usepackage{needspace}
\usepackage{multicol}

\parindent=0pt
\parskip=\medskipamount
\begin{document}
\pagestyle{plain}
\sloppy
\setlength{\parfillskip}{0pt plus 1fil}
\font\diven="Times New Roman/GR" at 12pt
\font\spanen="Times New Roman/GR" at 12pt
\font\divggofonipaxemic="Charis SIL/GR" at 12pt
\font\spanggofonipaxemic="Charis SIL/GR" at 12pt
\font\divte="Gautami/GR" at 12pt
\font\spante="Gautami/GR" at 12pt
\font\divhi="Times New Roman/GR" at 12pt
\font\spanhi="Times New Roman/GR" at 12pt
\font\divggoTeluIN="Gautami/GR" at 12pt
\font\spanggoTeluIN="Gautami/GR" at 12pt
\font\xitemte="Gautami/GR" at 10pt
\font\xitemhi="Times New Roman/GR" at 10pt
\font\xitemxitemcomplexformformbefore="Gautami/GR/B" at 10pt
\font\xitemxitemcomplexformrefsbefore="Times New Roman/GR" at 12pt
\font\xitemxitemdefinitionbefore="Times New Roman/GR" at 12pt
\font\xitemxitementryrefcomponentbefore="Times New Roman/GR" at 12pt
\font\xitemxitementryreftypebefore="Times New Roman/GR" at 12pt
\font\xitemxitemexamplebefore="Gautami/GR/I" at 10pt
\font\xitemxitemexamplesbefore="Times New Roman/GR" at 12pt
\font\xitemxitemheadwordbefore="Gautami/GR/B" at 10pt
\font\xitemxitemLexEntrypublishStemComponentTargetMLHeadWordPubbefore="Gautami/GR/B" at 10pt
\font\xitemxitemLexEntryTypepublishStemComplexFormTypeReverseAbbrPubbefore="Times New Roman/GR" at 12pt
\font\xitemxitemLexEntryTypepublishStemEntryTypeAbbreviationPubbefore="Times New Roman/GR" at 12pt
\font\xitemxitemLexSensepublishStemGlossPubLdbefore="Gautami/GR" at 10pt
\font\xitemxitemLexSensepublishStemGlossPubLebefore="Times New Roman/GR" at 10pt
\font\xitemxitempartofspeechbefore="Times New Roman/GR" at 12pt
\font\xitemxitempictureLabelbefore="Times New Roman/GR" at 12pt
\font\xitemxitemprimaryrefsbefore="Times New Roman/GR" at 12pt
\font\xitemxitempronunciationbefore="Charis SIL/GR" at 10pt
\font\xitemxitempronunciationsbefore="Times New Roman/GR" at 12pt
\font\sensesensesensesbefore="Times New Roman/GR" at 12pt
\font\xitemxitemtranslationbefore="Times New Roman/GR" at 12pt
\font\xitemxitemtranslationLdbefore="Gautami/GR" at 10pt
\font\xitemtpi="Times New Roman/GR" at 12pt
\font\letDatadicBody="Times New Roman/GR" at 12pt
\font\entryletDatadicBody="Times New Roman/GR" at 10pt
\font\pictureRightentryletDatadicBody="Times New Roman/GR" at 10pt
\font\picturepictureRightentryletDatadicBody="Times New Roman/GR" at 10pt
\font\pictureCaptionpictureRightentryletDatadicBody="Times New Roman/GR" at 10pt
\font\CmPicturepublishStemPileThumbnailPubpictureCaptionpictureRightentryletDatadicBody="Times New Roman/GR" at 10pt
\font\pictureLabelenpictureCaptionpictureRightentryletDatadicBody="Times New Roman/GR" at 10pt
\font\spanenpictureLabelenpictureCaptionpictureRightentryletDatadicBody="Times New Roman/GR" at 10pt
\font\headwordggoTeluINentryletDatadicBody="Gautami/GR/B" at 10pt
\font\pronunciationsentryletDatadicBody="Times New Roman/GR" at 10pt
\font\pronunciationggofonipaxemicpronunciationsentryletDatadicBody="Charis SIL/GR" at 10pt
\font\spanggofonipaxemicpronunciationggofonipaxemicpronunciationsentryletDatadicBody="Charis SIL/GR" at 10pt
\font\sensesentryletDatadicBody="Times New Roman/GR" at 10pt
\font\sensesensesentryletDatadicBody="Times New Roman/GR" at 10pt
\font\LexSensepublishStemGlossPubLdtesensesensesentryletDatadicBody="Gautami/GR" at 10pt
\font\spanteLexSensepublishStemGlossPubLdtesensesensesentryletDatadicBody="Gautami/GR" at 10pt
\font\examplessensesensesentryletDatadicBody="Times New Roman/GR" at 10pt
\font\exampleggoTeluINexamplessensesensesentryletDatadicBody="Gautami/GR/I" at 10pt
\font\spanggoTeluINexampleggoTeluINexamplessensesensesentryletDatadicBody="Gautami/GR/I" at 10pt
\font\translationsexamplessensesensesentryletDatadicBody="Times New Roman/GR" at 10pt
\font\translationLdtetranslationsexamplessensesensesentryletDatadicBody="Gautami/GR" at 10pt
\font\spantetranslationLdtetranslationsexamplessensesensesentryletDatadicBody="Gautami/GR" at 10pt

\mbox{} 
\newpage 
\newpage 
\setcounter{page}{1} 
\pagenumbering{arabic} 
\pagestyle{fancy} 
\setlength{\columnsep}{12pt} 
\setlength\columnseprule{0.4pt} 
\begin{multicols}{2}{\raggedright} 
\hangindent= 12pt
\hangafter=1\begin{center}\CmPicturepublishStemPileThumbnailPubpictureCaptionpictureRightentryletDatadicBody{}\spanenpictureLabelenpictureCaptionpictureRightentryletDatadicBody{rice with tumeric}\end{center}

\headwordggoTeluINentryletDatadicBody{అక్సెదంగ్}\headwordggoTeluINentryletDatadicBody{ }\pronunciationggofonipaxemicpronunciationsentryletDatadicBody{[}\spanggofonipaxemicpronunciationggofonipaxemicpronunciationsentryletDatadicBody{aksedaṅg}\pronunciationggofonipaxemicpronunciationsentryletDatadicBody{]}\pronunciationsentryletDatadicBody{ }

\hangindent= 12pt
\hangafter=1
\headwordggoTeluINentryletDatadicBody{అక్సర్క్‌నె}\headwordggoTeluINentryletDatadicBody{ }\pronunciationggofonipaxemicpronunciationsentryletDatadicBody{[}\spanggofonipaxemicpronunciationggofonipaxemicpronunciationsentryletDatadicBody{aksarkne}\pronunciationggofonipaxemicpronunciationsentryletDatadicBody{]}\pronunciationsentryletDatadicBody{ }\spanteLexSensepublishStemGlossPubLdtesensesensesentryletDatadicBody{అచ్చరాలతో}\LexSensepublishStemGlossPubLdtesensesensesentryletDatadicBody{ }\spanggoTeluINexampleggoTeluINexamplessensesensesentryletDatadicBody{గోండి బాసతున్ అక్సర్క్‌నె లిహి కీంతెర్.}\exampleggoTeluINexamplessensesensesentryletDatadicBody{ }\spantetranslationLdtetranslationsexamplessensesensesentryletDatadicBody{గోండిని అచ్చరాలలో రాసుకుంటారు.}\translationLdtetranslationsexamplessensesensesentryletDatadicBody{ }\examplessensesensesentryletDatadicBody{}\sensesentryletDatadicBody{}
 \end{multicols}
\end{document}
